0.782: [GC 0.782: [ParNew: 17024K->1708K(19136K), 0.0168830 secs] 17024K->1708K(83008K), 0.0169730 secs] [Times: user=0.04 sys=0.00, real=0.02 secs] 
1.013: [GC [1 CMS-initial-mark: 0K(63872K)] 9416K(83008K), 0.0141480 secs] [Times: user=0.01 sys=0.00, real=0.01 secs] 
1.027: [CMS-concurrent-mark-start]
1.048: [CMS-concurrent-mark: 0.021/0.021 secs] [Times: user=0.03 sys=0.00, real=0.02 secs] 
1.048: [CMS-concurrent-preclean-start]
1.050: [CMS-concurrent-preclean: 0.001/0.001 secs] [Times: user=0.00 sys=0.00, real=0.00 secs] 
1.050: [CMS-concurrent-abortable-preclean-start]
1.306: [GC 1.306: [ParNew: 18732K->1735K(19136K), 0.0204860 secs] 18732K->3669K(83008K), 0.0205750 secs] [Times: user=0.04 sys=0.00, real=0.02 secs] 
1.410: [CMS-concurrent-abortable-preclean: 0.011/0.361 secs] [Times: user=0.69 sys=0.01, real=0.36 secs] 
1.411: [GC[YG occupancy: 10513 K (19136 K)]1.411: [Rescan (parallel) , 0.0008290 secs]1.411: [weak refs processing, 0.0000060 secs] [1 CMS-remark: 1933K(63872K)] 12447K(83008K), 0.0009280 secs] [Times: user=0.00 sys=0.00, real=0.00 secs] 
1.412: [CMS-concurrent-sweep-start]
1.412: [CMS-concurrent-sweep: 0.000/0.000 secs] [Times: user=0.00 sys=0.00, real=0.00 secs] 
1.412: [CMS-concurrent-reset-start]
1.469: [GC 1.469: [ParNew: 18759K->199K(19136K), 0.0022650 secs] 20693K->2133K(83008K), 0.0023340 secs] [Times: user=0.01 sys=0.00, real=0.00 secs] 
1.528: [CMS-concurrent-reset: 0.025/0.116 secs] [Times: user=0.16 sys=0.03, real=0.12 secs] 
1.699: [GC 1.699: [ParNew: 17223K->399K(19136K), 0.0055820 secs] 19157K->2332K(83008K) icms_dc=5 , 0.0056550 secs] [Times: user=0.01 sys=0.00, real=0.01 secs] 
1.852: [GC [1 CMS-initial-mark: 1933K(63872K)] 10441K(83008K), 0.0100760 secs] [Times: user=0.00 sys=0.00, real=0.01 secs] 
1.862: [CMS-concurrent-mark-start]
1.911: [CMS-concurrent-mark: 0.045/0.049 secs] [Times: user=0.07 sys=0.00, real=0.04 secs] 
1.911: [CMS-concurrent-preclean-start]
2.044: [GC 2.044: [ParNew: 17423K->1721K(19136K), 0.0171100 secs] 19356K->3655K(83008K) icms_dc=5 , 0.0172010 secs] [Times: user=0.03 sys=0.00, real=0.01 secs] 
2.272: [CMS-concurrent-preclean: 0.011/0.361 secs] [Times: user=0.73 sys=0.00, real=0.37 secs] 
2.272: [CMS-concurrent-abortable-preclean-start]
2.479: [GC 2.480: [ParNew: 18745K->2112K(19136K), 0.0166920 secs] 20679K->5731K(83008K) icms_dc=5 , 0.0167850 secs] [Times: user=0.03 sys=0.00, real=0.02 secs] 
2.963: [GC 2.963: [ParNew: 19136K->2112K(19136K), 0.0193090 secs] 22755K->7691K(83008K) icms_dc=5 , 0.0193950 secs] [Times: user=0.03 sys=0.00, real=0.02 secs] 
3.148: [CMS-concurrent-abortable-preclean: 0.042/0.876 secs] [Times: user=1.72 sys=0.00, real=0.87 secs] 
3.152: [GC[YG occupancy: 10256 K (19136 K)]3.152: [Rescan (parallel) , 0.0097940 secs]3.162: [weak refs processing, 0.0000090 secs] [1 CMS-remark: 5579K(63872K)] 15835K(83008K), 0.0098980 secs] [Times: user=0.02 sys=0.00, real=0.01 secs] 
3.168: [CMS-concurrent-sweep-start]
3.170: [CMS-concurrent-sweep: 0.002/0.002 secs] [Times: user=0.00 sys=0.00, real=0.00 secs] 
3.170: [CMS-concurrent-reset-start]
3.334: [GC 3.334: [ParNew: 19136K->1866K(19136K), 0.0148160 secs] 24712K->9308K(83008K) icms_dc=9 , 0.0149030 secs] [Times: user=0.02 sys=0.01, real=0.01 secs] 
3.428: [CMS-concurrent-reset: 0.020/0.259 secs] [Times: user=0.50 sys=0.01, real=0.26 secs] 
3.520: [GC 3.520: [ParNew: 18890K->1740K(19136K), 0.0140730 secs] 26332K->10816K(83008K) icms_dc=15 , 0.0141650 secs] [Times: user=0.03 sys=0.00, real=0.02 secs] 
3.585: [GC [1 CMS-initial-mark: 9075K(63872K)] 18068K(83008K), 0.0114260 secs] [Times: user=0.00 sys=0.00, real=0.01 secs] 
3.597: [CMS-concurrent-mark-start]
3.705: [GC 3.705: [ParNew: 18764K->2112K(19136K), 0.0155250 secs] 27840K->12781K(83008K) icms_dc=24 , 0.0156100 secs] [Times: user=0.03 sys=0.00, real=0.01 secs] 
3.782: [CMS-concurrent-mark: 0.053/0.185 secs] [Times: user=0.36 sys=0.00, real=0.18 secs] 
3.782: [CMS-concurrent-preclean-start]
3.832: [GC 3.832: [ParNew: 19136K->2112K(19136K), 0.0145410 secs] 29805K->14542K(83008K) icms_dc=39 , 0.0146360 secs] [Times: user=0.03 sys=0.00, real=0.02 secs] 
3.889: [CMS-concurrent-preclean: 0.013/0.107 secs] [Times: user=0.17 sys=0.01, real=0.11 secs] 
3.889: [CMS-concurrent-abortable-preclean-start]
4.078: [CMS-concurrent-abortable-preclean: 0.022/0.189 secs] [Times: user=0.25 sys=0.01, real=0.19 secs] 
4.082: [GC[YG occupancy: 11373 K (19136 K)]4.082: [Rescan (parallel) , 0.0053300 secs]4.087: [weak refs processing, 0.0000080 secs] [1 CMS-remark: 12430K(63872K)] 23803K(83008K), 0.0054350 secs] [Times: user=0.01 sys=0.00, real=0.00 secs] 
4.087: [CMS-concurrent-sweep-start]
4.097: [CMS-concurrent-sweep: 0.009/0.009 secs] [Times: user=0.02 sys=0.00, real=0.01 secs] 
4.097: [CMS-concurrent-reset-start]
4.111: [CMS-concurrent-reset: 0.014/0.014 secs] [Times: user=0.03 sys=0.00, real=0.01 secs] 
4.264: [GC 4.264: [ParNew: 19136K->1370K(19136K), 0.0087380 secs] 31546K->14530K(83008K) icms_dc=30 , 0.0088250 secs] [Times: user=0.02 sys=0.00, real=0.01 secs] 
4.343: [GC [1 CMS-initial-mark: 13160K(63872K)] 20589K(83008K), 0.0100650 secs] [Times: user=0.01 sys=0.00, real=0.01 secs] 
4.353: [CMS-concurrent-mark-start]
4.414: [CMS-concurrent-mark: 0.061/0.061 secs] [Times: user=0.12 sys=0.00, real=0.06 secs] 
4.414: [CMS-concurrent-preclean-start]
4.414: [CMS-concurrent-preclean: 0.001/0.001 secs] [Times: user=0.00 sys=0.00, real=0.00 secs] 
4.414: [CMS-concurrent-abortable-preclean-start]
4.440: [GC 4.440: [ParNew: 18394K->2075K(19136K), 0.0105010 secs] 31554K->16240K(83008K) icms_dc=30 , 0.0106110 secs] [Times: user=0.03 sys=0.00, real=0.01 secs] 
4.760: [CMS-concurrent-abortable-preclean: 0.031/0.346 secs] [Times: user=0.64 sys=0.00, real=0.34 secs] 
4.763: [GC[YG occupancy: 14398 K (19136 K)]4.763: [Rescan (parallel) , 0.0087180 secs]4.771: [weak refs processing, 0.0000100 secs] [1 CMS-remark: 14164K(63872K)] 28563K(83008K), 0.0088220 secs] [Times: user=0.01 sys=0.01, real=0.00 secs] 
4.772: [CMS-concurrent-sweep-start]
5.395: [GC 5.395: [ParNew: 19099K->1480K(19136K), 0.0114290 secs] 33264K->16827K(83008K) icms_dc=30 , 0.0192480 secs] [Times: user=0.02 sys=0.00, real=0.02 secs] 
5.501: [Full GC (System) 5.501: [CMS5.515: [CMS-concurrent-sweep: 0.013/0.743 secs] [Times: user=0.48 sys=0.01, real=0.75 secs] 
 (concurrent mode interrupted): 15346K->14649K(63872K), 0.1708840 secs] 19819K->14649K(83008K), [CMS Perm : 14698K->14243K(21248K)] icms_dc=30 , 0.1710750 secs] [Times: user=0.17 sys=0.00, real=0.18 secs] 
Heap
 par new generation   total 19136K, used 328K [0x00000000b0000000, 0x00000000b14c0000, 0x00000000b2990000)
  eden space 17024K,   1% used [0x00000000b0000000, 0x00000000b00522c8, 0x00000000b10a0000)
  from space 2112K,   0% used [0x00000000b10a0000, 0x00000000b10a0000, 0x00000000b12b0000)
  to   space 2112K,   0% used [0x00000000b12b0000, 0x00000000b12b0000, 0x00000000b14c0000)
 concurrent mark-sweep generation total 63872K, used 14649K [0x00000000b2990000, 0x00000000b67f0000, 0x00000000f0000000)
 concurrent-mark-sweep perm gen total 23740K, used 14255K [0x00000000f0000000, 0x00000000f172f000, 0x0000000100000000)
