3.028: [GC 3.038: [ParNew: 17024K->2087K(19136K), 0.0104940 secs] 17024K->2087K(83008K), 0.0203670 secs] [Times: user=0.01 sys=0.01, real=0.03 secs] 
3.586: [GC [1 CMS-initial-mark: 0K(63872K)] 9910K(83008K), 0.0091480 secs] [Times: user=0.00 sys=0.00, real=0.01 secs] 
3.595: [CMS-concurrent-mark-start]
3.617: [CMS-concurrent-mark: 0.021/0.021 secs] [Times: user=0.04 sys=0.00, real=0.02 secs] 
3.629: [CMS-concurrent-preclean-start]
3.635: [CMS-concurrent-preclean: 0.005/0.006 secs] [Times: user=0.01 sys=0.00, real=0.00 secs] 
3.635: [CMS-concurrent-abortable-preclean-start]
3.803: [GC 3.803: [ParNew: 19111K->2112K(19136K), 0.0221670 secs] 19111K->4657K(83008K), 0.0223830 secs] [Times: user=0.03 sys=0.00, real=0.02 secs] 
4.462: [GC 4.462: [ParNew: 19136K->1716K(19136K), 0.0116720 secs] 21681K->5865K(83008K), 0.0118800 secs] [Times: user=0.03 sys=0.00, real=0.01 secs] 
4.715: [CMS-concurrent-abortable-preclean: 0.035/1.080 secs] [Times: user=1.11 sys=0.08, real=1.08 secs] 
4.749: [GC[YG occupancy: 10438 K (19136 K)]4.749: [Rescan (parallel) , 0.0078210 secs]4.757: [weak refs processing, 0.0000080 secs] [1 CMS-remark: 4148K(63872K)] 14587K(83008K), 0.0081610 secs] [Times: user=0.01 sys=0.00, real=0.00 secs] 
4.764: [CMS-concurrent-sweep-start]
4.764: [CMS-concurrent-sweep: 0.000/0.000 secs] [Times: user=0.00 sys=0.00, real=0.00 secs] 
4.765: [CMS-concurrent-reset-start]
5.182: [GC 5.182: [ParNew: 18740K->2112K(19136K), 0.0237250 secs] 22889K->8277K(83008K), 0.0240310 secs] [Times: user=0.04 sys=0.00, real=0.02 secs] 
5.439: [CMS-concurrent-reset: 0.032/0.674 secs] [Times: user=0.48 sys=0.03, real=0.68 secs] 
5.592: [GC 5.592: [ParNew: 19136K->2112K(19136K), 0.0235370 secs] 25301K->10723K(83008K) icms_dc=21 , 0.0237760 secs] [Times: user=0.05 sys=0.00, real=0.02 secs] 
5.759: [GC [1 CMS-initial-mark: 8611K(63872K)] 17688K(83008K), 0.0073910 secs] [Times: user=0.00 sys=0.00, real=0.00 secs] 
5.766: [CMS-concurrent-mark-start]
5.801: [CMS-concurrent-mark: 0.035/0.035 secs] [Times: user=0.04 sys=0.01, real=0.04 secs] 
5.801: [CMS-concurrent-preclean-start]
5.802: [CMS-concurrent-preclean: 0.001/0.001 secs] [Times: user=0.01 sys=0.00, real=0.00 secs] 
5.802: [CMS-concurrent-abortable-preclean-start]
6.015: [GC 6.016: [ParNew: 19136K->2112K(19136K), 0.0192060 secs] 27747K->12940K(83008K) icms_dc=36 , 0.0194170 secs] [Times: user=0.03 sys=0.00, real=0.02 secs] 
6.396: [CMS-concurrent-abortable-preclean: 0.016/0.594 secs] [Times: user=0.37 sys=0.00, real=0.59 secs] 
6.396: [GC[YG occupancy: 18402 K (19136 K)]6.396: [Rescan (parallel) , 0.0099620 secs]6.406: [weak refs processing, 0.0000080 secs] [1 CMS-remark: 10828K(63872K)] 29231K(83008K), 0.0102740 secs] [Times: user=0.02 sys=0.00, real=0.01 secs] 
6.407: [CMS-concurrent-sweep-start]
6.419: [GC 6.419: [ParNew: 19136K->2112K(19136K), 0.0136140 secs] 29964K->15162K(83008K) icms_dc=49 , 0.0138680 secs] [Times: user=0.01 sys=0.01, real=0.01 secs] 
6.479: [CMS-concurrent-sweep: 0.006/0.073 secs] [Times: user=0.07 sys=0.01, real=0.07 secs] 
6.479: [CMS-concurrent-reset-start]
6.490: [CMS-concurrent-reset: 0.011/0.011 secs] [Times: user=0.02 sys=0.00, real=0.01 secs] 
7.421: [GC 7.421: [ParNew: 19136K->2112K(19136K), 0.0120770 secs] 32156K->17183K(83008K) icms_dc=37 , 0.0122950 secs] [Times: user=0.02 sys=0.00, real=0.01 secs] 
7.583: [GC [1 CMS-initial-mark: 15071K(63872K)] 22820K(83008K), 0.0086390 secs] [Times: user=0.01 sys=0.00, real=0.01 secs] 
7.592: [CMS-concurrent-mark-start]
7.633: [CMS-concurrent-mark: 0.041/0.041 secs] [Times: user=0.05 sys=0.00, real=0.04 secs] 
7.633: [CMS-concurrent-preclean-start]
7.634: [CMS-concurrent-preclean: 0.001/0.001 secs] [Times: user=0.00 sys=0.00, real=0.00 secs] 
7.634: [CMS-concurrent-abortable-preclean-start]
7.786: [GC 7.786: [ParNew: 19136K->2112K(19136K), 0.0131730 secs] 34207K->19100K(83008K) icms_dc=37 , 0.0134020 secs] [Times: user=0.02 sys=0.00, real=0.01 secs] 
7.992: [GC 7.992: [ParNew: 19136K->2038K(19136K), 0.0108330 secs] 36124K->20931K(83008K) icms_dc=49 , 0.0244980 secs] [Times: user=0.02 sys=0.00, real=0.02 secs] 
8.148: [CMS-concurrent-abortable-preclean: 0.027/0.514 secs] [Times: user=0.42 sys=0.04, real=0.51 secs] 
8.148: [GC[YG occupancy: 11744 K (19136 K)]8.148: [Rescan (parallel) , 0.0046640 secs]8.153: [weak refs processing, 0.0000100 secs] [1 CMS-remark: 18893K(63872K)] 30637K(83008K), 0.0049520 secs] [Times: user=0.01 sys=0.00, real=0.01 secs] 
8.153: [CMS-concurrent-sweep-start]
8.199: [CMS-concurrent-sweep: 0.026/0.045 secs] [Times: user=0.06 sys=0.00, real=0.04 secs] 
8.199: [CMS-concurrent-reset-start]
8.309: [CMS-concurrent-reset: 0.110/0.110 secs] [Times: user=0.02 sys=0.00, real=0.12 secs] 
8.917: [GC 8.917: [ParNew: 19062K->1805K(19136K), 0.0131740 secs] 37920K->20664K(83008K) icms_dc=37 , 0.0133690 secs] [Times: user=0.03 sys=0.00, real=0.02 secs] 
9.026: [GC [1 CMS-initial-mark: 18858K(63872K)] 26080K(83008K), 0.0063900 secs] [Times: user=0.00 sys=0.00, real=0.01 secs] 
9.033: [CMS-concurrent-mark-start]
9.107: [CMS-concurrent-mark: 0.074/0.074 secs] [Times: user=0.09 sys=0.00, real=0.07 secs] 
9.107: [CMS-concurrent-preclean-start]
9.172: [GC 9.172: [ParNew: 18829K->2112K(19136K), 0.0298140 secs] 37688K->22856K(83008K) icms_dc=37 , 0.0300440 secs] [Times: user=0.04 sys=0.00, real=0.03 secs] 
9.256: [CMS-concurrent-preclean: 0.001/0.149 secs] [Times: user=0.14 sys=0.00, real=0.15 secs] 
9.256: [CMS-concurrent-abortable-preclean-start]
9.290: [GC 9.290: [ParNew: 19136K->1927K(19136K), 0.0200820 secs] 39880K->24707K(83008K) icms_dc=48 , 0.0203180 secs] [Times: user=0.03 sys=0.01, real=0.02 secs] 
9.310: [CMS-concurrent-abortable-preclean: 0.013/0.055 secs] [Times: user=0.10 sys=0.01, real=0.05 secs] 
9.312: [GC[YG occupancy: 2599 K (19136 K)]9.312: [Rescan (parallel) , 0.0069020 secs]9.319: [weak refs processing, 0.0000080 secs] [1 CMS-remark: 22780K(63872K)] 25379K(83008K), 0.0071860 secs] [Times: user=0.01 sys=0.00, real=0.00 secs] 
9.319: [CMS-concurrent-sweep-start]
9.442: [CMS-concurrent-sweep: 0.032/0.124 secs] [Times: user=0.15 sys=0.00, real=0.13 secs] 
9.443: [CMS-concurrent-reset-start]
9.467: [CMS-concurrent-reset: 0.025/0.025 secs] [Times: user=0.03 sys=0.00, real=0.02 secs] 
10.446: [GC 10.447: [ParNew: 18951K->2112K(19136K), 0.0080360 secs] 41406K->24590K(83008K) icms_dc=36 , 0.0082510 secs] [Times: user=0.01 sys=0.00, real=0.01 secs] 
10.937: [GC [1 CMS-initial-mark: 22478K(63872K)] 30259K(83008K), 0.0070220 secs] [Times: user=0.01 sys=0.00, real=0.01 secs] 
10.944: [CMS-concurrent-mark-start]
11.004: [CMS-concurrent-mark: 0.060/0.060 secs] [Times: user=0.09 sys=0.02, real=0.06 secs] 
11.004: [CMS-concurrent-preclean-start]
11.015: [GC 11.016: [ParNew: 19136K->2112K(19136K), 0.0236280 secs] 41614K->27803K(83008K) icms_dc=36 , 0.0238520 secs] [Times: user=0.03 sys=0.00, real=0.02 secs] 
11.173: [CMS-concurrent-preclean: 0.001/0.169 secs] [Times: user=0.16 sys=0.00, real=0.17 secs] 
11.173: [CMS-concurrent-abortable-preclean-start]
11.197: [CMS-concurrent-abortable-preclean: 0.015/0.024 secs] [Times: user=0.03 sys=0.00, real=0.02 secs] 
11.223: [GC[YG occupancy: 13192 K (19136 K)]11.223: [Rescan (parallel) , 0.0057290 secs]11.229: [weak refs processing, 0.0000070 secs] [1 CMS-remark: 25691K(63872K)] 38884K(83008K), 0.0060180 secs] [Times: user=0.01 sys=0.00, real=0.01 secs] 
11.229: [CMS-concurrent-sweep-start]
11.431: [GC 11.431: [ParNew: 19136K->2003K(19136K), 0.0234960 secs] 44450K->29428K(83008K) icms_dc=36 , 0.0237210 secs] [Times: user=0.05 sys=0.00, real=0.02 secs] 
11.671: [CMS-concurrent-sweep: 0.023/0.441 secs] [Times: user=0.67 sys=0.01, real=0.43 secs] 
11.671: [CMS-concurrent-reset-start]
11.689: [CMS-concurrent-reset: 0.019/0.019 secs] [Times: user=0.02 sys=0.01, real=0.02 secs] 
12.921: [GC 12.921: [ParNew: 19027K->2111K(19136K), 0.0127960 secs] 46442K->31753K(83008K) icms_dc=27 , 0.0130090 secs] [Times: user=0.02 sys=0.00, real=0.02 secs] 
13.072: [GC [1 CMS-initial-mark: 29641K(63872K)] 38237K(83008K), 0.0066090 secs] [Times: user=0.00 sys=0.00, real=0.01 secs] 
13.079: [CMS-concurrent-mark-start]
13.149: [CMS-concurrent-mark: 0.068/0.070 secs] [Times: user=0.10 sys=0.02, real=0.07 secs] 
13.149: [CMS-concurrent-preclean-start]
13.150: [CMS-concurrent-preclean: 0.001/0.001 secs] [Times: user=0.00 sys=0.00, real=0.00 secs] 
13.150: [CMS-concurrent-abortable-preclean-start]
13.401: [GC 13.402: [ParNew: 19135K->2112K(19136K), 0.0242300 secs] 48777K->32948K(83008K) icms_dc=27 , 0.0244450 secs] [Times: user=0.03 sys=0.00, real=0.02 secs] 
14.569: [GC 14.569: [ParNew: 19136K->2053K(19136K), 0.0154210 secs] 49972K->34300K(83008K) icms_dc=27 , 0.0156430 secs] [Times: user=0.03 sys=0.00, real=0.01 secs] 
15.016: [CMS-concurrent-abortable-preclean: 0.039/1.866 secs] [Times: user=1.66 sys=0.03, real=1.86 secs] 
15.029: [GC[YG occupancy: 9092 K (19136 K)]15.029: [Rescan (parallel) , 0.0186120 secs]15.048: [weak refs processing, 0.0000340 secs] [1 CMS-remark: 32247K(63872K)] 41339K(83008K), 0.0189440 secs] [Times: user=0.02 sys=0.00, real=0.02 secs] 
15.050: [CMS-concurrent-sweep-start]
15.123: [CMS-concurrent-sweep: 0.070/0.073 secs] [Times: user=0.11 sys=0.00, real=0.08 secs] 
15.123: [CMS-concurrent-reset-start]
15.143: [CMS-concurrent-reset: 0.020/0.020 secs] [Times: user=0.02 sys=0.00, real=0.02 secs] 
15.472: [GC 15.472: [ParNew: 19033K->1132K(19136K), 0.0083660 secs] 48900K->31970K(83008K) icms_dc=21 , 0.0085690 secs] [Times: user=0.02 sys=0.00, real=0.00 secs] 
15.907: [GC [1 CMS-initial-mark: 30838K(63872K)] 38834K(83008K), 0.0085440 secs] [Times: user=0.01 sys=0.00, real=0.01 secs] 
15.916: [CMS-concurrent-mark-start]
16.029: [CMS-concurrent-mark: 0.109/0.113 secs] [Times: user=0.12 sys=0.01, real=0.11 secs] 
16.029: [CMS-concurrent-preclean-start]
16.030: [CMS-concurrent-preclean: 0.001/0.001 secs] [Times: user=0.00 sys=0.00, real=0.00 secs] 
16.030: [CMS-concurrent-abortable-preclean-start]
16.326: [GC 16.326: [ParNew: 18156K->1067K(19136K), 0.0028750 secs] 48994K->31905K(83008K) icms_dc=21 , 0.0030680 secs] [Times: user=0.01 sys=0.00, real=0.01 secs] 
16.759: [GC 16.759: [ParNew: 18091K->1617K(19136K), 0.0032750 secs] 48929K->32455K(83008K) icms_dc=21 , 0.0034760 secs] [Times: user=0.01 sys=0.00, real=0.01 secs] 
17.206: [CMS-concurrent-abortable-preclean: 0.013/1.176 secs] [Times: user=0.85 sys=0.08, real=1.18 secs] 
17.206: [GC[YG occupancy: 8419 K (19136 K)]17.207: [Rescan (parallel) , 0.0145850 secs]17.221: [weak refs processing, 0.0000130 secs] [1 CMS-remark: 30838K(63872K)] 39257K(83008K), 0.0150080 secs] [Times: user=0.02 sys=0.00, real=0.02 secs] 
17.222: [CMS-concurrent-sweep-start]
17.242: [CMS-concurrent-sweep: 0.020/0.020 secs] [Times: user=0.03 sys=0.00, real=0.02 secs] 
17.242: [CMS-concurrent-reset-start]
17.251: [CMS-concurrent-reset: 0.009/0.009 secs] [Times: user=0.01 sys=0.00, real=0.01 secs] 
18.350: [GC 18.350: [ParNew: 18641K->1495K(19136K), 0.0054410 secs] 48391K->31894K(83008K) icms_dc=16 , 0.0056240 secs] [Times: user=0.01 sys=0.00, real=0.00 secs] 
18.442: [GC [1 CMS-initial-mark: 30398K(63872K)] 39129K(83008K), 0.0070300 secs] [Times: user=0.00 sys=0.00, real=0.00 secs] 
18.449: [CMS-concurrent-mark-start]
56.712: [GC 56.748: [ParNew: 18519K->2112K(19136K), 0.7892060 secs] 48918K->32776K(83008K) icms_dc=16 , 0.7894960 secs] [Times: user=0.17 sys=0.00, real=0.82 secs] 
58.410: [CMS-concurrent-mark: 0.560/39.961 secs] [Times: user=0.98 sys=0.06, real=39.96 secs] 
58.410: [CMS-concurrent-preclean-start]
58.428: [CMS-concurrent-preclean: 0.014/0.017 secs] [Times: user=0.04 sys=0.00, real=0.02 secs] 
58.428: [CMS-concurrent-abortable-preclean-start]
59.083: [GC 59.083: [ParNew: 19136K->2112K(19136K), 0.0314190 secs] 49800K->34330K(83008K) icms_dc=16 , 0.0316250 secs] [Times: user=0.03 sys=0.00, real=0.03 secs] 
64.143: [GC 64.143: [ParNew: 19136K->834K(19136K), 0.0042530 secs] 51354K->33053K(83008K) icms_dc=16 , 0.0044420 secs] [Times: user=0.01 sys=0.00, real=0.00 secs] 
 CMS: abort preclean due to time 64.501: [CMS-concurrent-abortable-preclean: 0.017/6.073 secs] [Times: user=0.74 sys=0.41, real=6.07 secs] 
64.510: [GC[YG occupancy: 8057 K (19136 K)]64.510: [Rescan (parallel) , 0.0042470 secs]64.515: [weak refs processing, 0.0000450 secs] [1 CMS-remark: 32218K(63872K)] 40276K(83008K), 0.0046230 secs] [Times: user=0.01 sys=0.00, real=0.01 secs] 
64.515: [CMS-concurrent-sweep-start]
64.699: [CMS-concurrent-sweep: 0.177/0.184 secs] [Times: user=0.18 sys=0.10, real=0.19 secs] 
64.700: [CMS-concurrent-reset-start]
65.077: [GC 65.077: [ParNew: 17858K->1308K(19136K), 0.0034940 secs] 50067K->33516K(83008K) icms_dc=16 , 0.0036690 secs] [Times: user=0.01 sys=0.00, real=0.01 secs] 
65.731: [CMS-concurrent-reset: 0.055/1.032 secs] [Times: user=0.13 sys=0.92, real=1.03 secs] 
70.520: [GC 70.520: [ParNew: 18332K->1836K(19136K), 0.0307540 secs] 50540K->34128K(83008K) icms_dc=11 , 0.0311250 secs] [Times: user=0.00 sys=0.02, real=0.03 secs] 
70.720: [GC [1 CMS-initial-mark: 32292K(63872K)] 41872K(83008K), 0.0082020 secs] [Times: user=0.00 sys=0.00, real=0.00 secs] 
70.728: [CMS-concurrent-mark-start]
71.035: [GC 71.036: [ParNew: 18860K->2112K(19136K), 0.0180720 secs] 51152K->36104K(83008K) icms_dc=11 , 0.0182940 secs] [Times: user=0.02 sys=0.01, real=0.02 secs] 
71.361: [CMS-concurrent-mark: 0.147/0.633 secs] [Times: user=0.26 sys=0.01, real=0.64 secs] 
71.362: [CMS-concurrent-preclean-start]
71.363: [CMS-concurrent-preclean: 0.001/0.001 secs] [Times: user=0.00 sys=0.00, real=0.00 secs] 
71.363: [CMS-concurrent-abortable-preclean-start]
71.562: [GC 71.562: [ParNew: 19136K->2112K(19136K), 0.0196710 secs] 53128K->38551K(83008K) icms_dc=11 , 0.0199940 secs] [Times: user=0.03 sys=0.00, real=0.02 secs] 
72.246: [GC 72.247: [ParNew: 19136K->2003K(19136K), 0.0138090 secs] 55575K->40533K(83008K) icms_dc=11 , 0.0140380 secs] [Times: user=0.03 sys=0.00, real=0.02 secs] 
72.368: [CMS-concurrent-abortable-preclean: 0.014/1.005 secs] [Times: user=0.24 sys=0.04, real=1.00 secs] 
72.372: [GC[YG occupancy: 10840 K (19136 K)]72.372: [Rescan (parallel) , 0.0721430 secs]72.445: [weak refs processing, 0.0000760 secs] [1 CMS-remark: 38530K(63872K)] 49370K(83008K), 0.0725410 secs] [Times: user=0.01 sys=0.00, real=0.07 secs] 
72.445: [CMS-concurrent-sweep-start]
72.498: [GC 72.498: [ParNew: 19027K->1853K(19136K), 0.0111220 secs] 57547K->41987K(83008K) icms_dc=11 , 0.0113980 secs] [Times: user=0.01 sys=0.00, real=0.02 secs] 
72.673: [GC 72.673: [ParNew: 18877K->650K(19136K), 0.0011670 secs] 59005K->40778K(83008K) icms_dc=11 , 0.0013210 secs] [Times: user=0.01 sys=0.00, real=0.00 secs] 
72.708: [CMS-concurrent-sweep: 0.025/0.263 secs] [Times: user=0.12 sys=0.00, real=0.26 secs] 
72.708: [CMS-concurrent-reset-start]
72.725: [CMS-concurrent-reset: 0.017/0.017 secs] [Times: user=0.01 sys=0.00, real=0.02 secs] 
72.853: [GC 72.853: [ParNew: 17674K->797K(19136K), 0.0017350 secs] 53731K->36855K(83008K) icms_dc=6 , 0.0021620 secs] [Times: user=0.01 sys=0.00, real=0.00 secs] 
73.041: [GC [1 CMS-initial-mark: 36057K(63872K)] 44988K(83008K), 0.0074980 secs] [Times: user=0.01 sys=0.00, real=0.01 secs] 
73.049: [CMS-concurrent-mark-start]
73.113: [GC 73.113: [ParNew: 17821K->1128K(19136K), 0.0023740 secs] 53879K->37185K(83008K) icms_dc=6 , 0.0025580 secs] [Times: user=0.00 sys=0.00, real=0.00 secs] 
73.245: [GC 73.245: [ParNew: 18152K->911K(19136K), 0.0020810 secs] 54209K->37002K(83008K) icms_dc=6 , 0.0022750 secs] [Times: user=0.00 sys=0.00, real=0.00 secs] 
73.317: [GC 73.317: [ParNew: 17935K->978K(19136K), 0.0021980 secs] 54026K->37162K(83008K) icms_dc=6 , 0.0023940 secs] [Times: user=0.00 sys=0.00, real=0.01 secs] 
73.398: [GC 73.398: [ParNew: 18002K->1200K(19136K), 0.0030110 secs] 54186K->37386K(83008K) icms_dc=6 , 0.0032490 secs] [Times: user=0.01 sys=0.00, real=0.01 secs] 
73.450: [GC 73.450: [ParNew: 18224K->848K(19136K), 0.0010890 secs] 54410K->37036K(83008K) icms_dc=6 , 0.0012600 secs] [Times: user=0.00 sys=0.00, real=0.00 secs] 
73.480: [GC 73.480: [ParNew: 17872K->665K(19136K), 0.0018180 secs] 54060K->36857K(83008K) icms_dc=6 , 0.0019810 secs] [Times: user=0.00 sys=0.00, real=0.00 secs] 
73.559: [GC 73.559: [ParNew: 17689K->586K(19136K), 0.0015190 secs] 53881K->36843K(83008K) icms_dc=6 , 0.0016990 secs] [Times: user=0.00 sys=0.00, real=0.00 secs] 
73.600: [GC 73.601: [ParNew: 17610K->744K(19136K), 0.0016140 secs] 53867K->37030K(83008K) icms_dc=6 , 0.0017930 secs] [Times: user=0.01 sys=0.00, real=0.01 secs] 
73.680: [GC 73.680: [ParNew: 17768K->685K(19136K), 0.0017290 secs] 54054K->37029K(83008K) icms_dc=6 , 0.0019080 secs] [Times: user=0.00 sys=0.00, real=0.00 secs] 
73.727: [GC 73.727: [ParNew: 17709K->866K(19136K), 0.0018240 secs] 54053K->37222K(83008K) icms_dc=6 , 0.0019960 secs] [Times: user=0.00 sys=0.00, real=0.01 secs] 
73.816: [GC 73.816: [ParNew: 17890K->598K(19136K), 0.0017200 secs] 54246K->36979K(83008K) icms_dc=6 , 0.0019060 secs] [Times: user=0.00 sys=0.00, real=0.00 secs] 
73.925: [GC 73.925: [ParNew: 17622K->752K(19136K), 0.0017160 secs] 54003K->37134K(83008K) icms_dc=6 , 0.0018900 secs] [Times: user=0.00 sys=0.00, real=0.00 secs] 
74.160: [CMS-concurrent-mark: 0.099/1.111 secs] [Times: user=0.69 sys=0.02, real=1.11 secs] 
74.160: [CMS-concurrent-preclean-start]
74.166: [CMS-concurrent-preclean: 0.004/0.006 secs] [Times: user=0.01 sys=0.00, real=0.00 secs] 
74.166: [CMS-concurrent-abortable-preclean-start]
75.353: [GC 75.353: [ParNew: 17776K->1222K(19136K), 0.0027060 secs] 54158K->37632K(83008K) icms_dc=6 , 0.0029040 secs] [Times: user=0.00 sys=0.00, real=0.00 secs] 
75.687: [Full GC (System) 75.687: [CMS75.689: [CMS-concurrent-abortable-preclean: 0.012/1.522 secs] [Times: user=0.18 sys=0.05, real=1.52 secs] 
 (concurrent mode interrupted): 36409K->33251K(63872K), 0.2784070 secs] 48235K->33251K(83008K), [CMS Perm : 21348K->19014K(34976K)] icms_dc=6 , 0.2786910 secs] [Times: user=0.22 sys=0.01, real=0.28 secs] 
Heap
 par new generation   total 19136K, used 340K [0x00007f8e9e630000, 0x00007f8e9faf0000, 0x00007f8ea0fc0000)
  eden space 17024K,   2% used [0x00007f8e9e630000, 0x00007f8e9e6852a0, 0x00007f8e9f6d0000)
  from space 2112K,   0% used [0x00007f8e9f8e0000, 0x00007f8e9f8e0000, 0x00007f8e9faf0000)
  to   space 2112K,   0% used [0x00007f8e9f6d0000, 0x00007f8e9f6d0000, 0x00007f8e9f8e0000)
 concurrent mark-sweep generation total 63872K, used 33251K [0x00007f8ea0fc0000, 0x00007f8ea4e20000, 0x00007f8ede630000)
 concurrent-mark-sweep perm gen total 34976K, used 19029K [0x00007f8ede630000, 0x00007f8ee0858000, 0x00007f8eee630000)
